2026-08-14 16:49:47 | INFO     | server.aggregator:34 - [Aggregator] 开始并发聚合搜索: query='月薪过万，就来黑马程序员', 引擎数=5
2026-08-14 16:51:20 | INFO     | server.aggregator:34 - [Aggregator] 开始并发聚合搜索: query='月薪过万，就来黑马程序员', 引擎数=5
2026-08-14 16:51:20 | INFO     | server.implement:51 - [BingEngine] 开始搜索: query='月薪过万，就来黑马程序员', topk=3
2026-08-14 16:51:20 | INFO     | server.implement:128 - [BaiduEngine] 开始搜索: query='月薪过万，就来黑马程序员', topk=3
2026-08-14 16:51:20 | INFO     | server.implement:197 - [ToutiaoEngine] 开始搜索: query='月薪过万，就来黑马程序员', topk=3
2026-08-14 16:51:20 | INFO     | server.implement:246 - [DuckDuckGoEngine] 开始搜索: query='月薪过万，就来黑马程序员', topk=3
2026-08-14 16:51:20 | INFO     | server.implement:281 - [BiliEngine] 开始搜索: query='月薪过万，就来黑马程序员', topk=3
2026-08-14 16:51:21 | INFO     | server.implement:117 - [BingEngine] 成功召回 3 条结果
2026-08-14 16:51:21 | INFO     | server.implement:309 - [BiliEngine] 成功召回 3 条结果
2026-08-14 16:51:21 | INFO     | server.implement:237 - [ToutiaoEngine] 成功召回 3 条结果
2026-08-14 16:51:22 | INFO     | server.implement:186 - [BaiduEngine] 成功召回 3 条结果
2026-08-14 16:51:25 | ERROR    | server.implement:263 - DuckDuckGoEngine 搜索底层异常: 
2026-08-14 16:51:25 | WARNING  | server.implement:265 - [DuckDuckGoEngine] 未找到关于「月薪过万，就来黑马程序员」的相关结果
2026-08-14 16:51:25 | INFO     | server.implement:267 - [DuckDuckGoEngine] 成功召回 0 条结果
2026-08-14 16:53:16 | INFO     | server.aggregator:34 - [Aggregator] 开始并发聚合搜索: query='月薪过万，就来黑马程序员', 引擎数=5
2026-08-14 16:53:16 | INFO     | server.implement:51 - [BingEngine] 开始搜索: query='月薪过万，就来黑马程序员', topk=3
2026-08-14 16:53:16 | INFO     | server.implement:128 - [BaiduEngine] 开始搜索: query='月薪过万，就来黑马程序员', topk=3
2026-08-14 16:53:16 | INFO     | server.implement:197 - [ToutiaoEngine] 开始搜索: query='月薪过万，就来黑马程序员', topk=3
2026-08-14 16:53:16 | INFO     | server.implement:246 - [DuckDuckGoEngine] 开始搜索: query='月薪过万，就来黑马程序员', topk=3
2026-08-14 16:53:16 | INFO     | server.implement:281 - [BiliEngine] 开始搜索: query='月薪过万，就来黑马程序员', topk=3
2026-08-14 16:53:17 | INFO     | server.implement:117 - [BingEngine] 成功召回 3 条结果
2026-08-14 16:53:17 | INFO     | server.implement:309 - [BiliEngine] 成功召回 3 条结果
2026-08-14 16:53:17 | INFO     | server.implement:237 - [ToutiaoEngine] 成功召回 3 条结果
2026-08-14 16:53:18 | INFO     | server.implement:186 - [BaiduEngine] 成功召回 3 条结果
2026-08-14 16:53:21 | ERROR    | server.implement:263 - DuckDuckGoEngine 搜索底层异常: 
2026-08-14 16:53:21 | WARNING  | server.implement:265 - [DuckDuckGoEngine] 未找到关于「月薪过万，就来黑马程序员」的相关结果
2026-08-14 16:53:21 | INFO     | server.implement:267 - [DuckDuckGoEngine] 成功召回 0 条结果
2026-08-14 16:53:21 | INFO     | server.aggregator:86 - [Aggregator] 聚合完成: 原始=12 条, 去重后=12 条, 返回 Top3
2026-08-14 16:53:21 | INFO     | server.cache:125 - [RedisCache] 写入缓存成功: query='月薪过万，就来黑马程序员', ttl=3600s
2026-08-14 16:53:21 | INFO     | __main__:113 - [crawl_batch2md_tool] 启动批量并发抓取，URL 数量: 3
2026-08-14 16:53:24 | INFO     | __main__:128 - [crawl_batch2md_tool] 批量抓取完成，生成文本总长度: 15659 字符
